// Jest Snapshot v1, https://goo.gl/fbAQLP

exports[`JSX Tests :: <Header /> Rendering Sanity Check Snapshot Rendering 1`] = `
"{\\"nodeType\\":\\"html\\",\\"type\\":\\"div\\",\\"name\\":\\"div\\",\\"props\\":{\\"className\\":\\"nav-bar\\",\\"children\\":[{\\"type\\":\\"h1\\",\\"key\\":null,\\"ref\\":null,\\"props\\":{\\"children\\":\\"MAKPAR\\"},\\"_owner\\":null,\\"_store\\":{}},{\\"type\\":\\"nav\\",\\"key\\":null,\\"ref\\":null,\\"props\\":{\\"className\\":\\"nav-items\\",\\"children\\":[{\\"type\\":{\\"displayName\\":\\"Link\\",\\"propTypes\\":{}},\\"key\\":null,\\"ref\\":null,\\"props\\":{\\"to\\":\\"/\\",\\"className\\":\\"nav-link\\",\\"children\\":\\"HOME\\"},\\"_owner\\":null,\\"_store\\":{}},{\\"type\\":{\\"displayName\\":\\"Link\\",\\"propTypes\\":{}},\\"key\\":null,\\"ref\\":null,\\"props\\":{\\"to\\":\\"/mission\\",\\"className\\":\\"nav-link\\",\\"children\\":\\"MISSION\\"},\\"_owner\\":null,\\"_store\\":{}},{\\"type\\":{\\"displayName\\":\\"Link\\",\\"propTypes\\":{}},\\"key\\":null,\\"ref\\":null,\\"props\\":{\\"to\\":\\"/team\\",\\"className\\":\\"nav-link\\",\\"children\\":\\"TEAM\\"},\\"_owner\\":null,\\"_store\\":{}},{\\"type\\":{\\"displayName\\":\\"Link\\",\\"propTypes\\":{}},\\"key\\":null,\\"ref\\":null,\\"props\\":{\\"to\\":\\"/projects\\",\\"className\\":\\"nav-link\\",\\"children\\":\\"PROJECTS\\"},\\"_owner\\":null,\\"_store\\":{}},{\\"type\\":{\\"displayName\\":\\"Link\\",\\"propTypes\\":{}},\\"key\\":null,\\"ref\\":null,\\"props\\":{\\"to\\":\\"/archive\\",\\"className\\":\\"nav-link\\",\\"children\\":\\"ARCHIVE\\"},\\"_owner\\":null,\\"_store\\":{}}]},\\"_owner\\":null,\\"_store\\":{}}]},\\"key\\":\\"null\\"}
 -> {\\"nodeType\\":\\"html\\",\\"type\\":\\"h1\\",\\"name\\":\\"h1\\",\\"props\\":{\\"children\\":\\"MAKPAR\\"},\\"key\\":\\"null\\"}
  -> {\\"nodeType\\":\\"string\\",\\"type\\":\\"MAKPAR\\",\\"props\\":{},\\"name\\":\\"\\",\\"key\\":\\"undefined\\"}
 -> {\\"nodeType\\":\\"html\\",\\"type\\":\\"nav\\",\\"name\\":\\"nav\\",\\"props\\":{\\"className\\":\\"nav-items\\",\\"children\\":[{\\"type\\":{\\"displayName\\":\\"Link\\",\\"propTypes\\":{}},\\"key\\":null,\\"ref\\":null,\\"props\\":{\\"to\\":\\"/\\",\\"className\\":\\"nav-link\\",\\"children\\":\\"HOME\\"},\\"_owner\\":null,\\"_store\\":{}},{\\"type\\":{\\"displayName\\":\\"Link\\",\\"propTypes\\":{}},\\"key\\":null,\\"ref\\":null,\\"props\\":{\\"to\\":\\"/mission\\",\\"className\\":\\"nav-link\\",\\"children\\":\\"MISSION\\"},\\"_owner\\":null,\\"_store\\":{}},{\\"type\\":{\\"displayName\\":\\"Link\\",\\"propTypes\\":{}},\\"key\\":null,\\"ref\\":null,\\"props\\":{\\"to\\":\\"/team\\",\\"className\\":\\"nav-link\\",\\"children\\":\\"TEAM\\"},\\"_owner\\":null,\\"_store\\":{}},{\\"type\\":{\\"displayName\\":\\"Link\\",\\"propTypes\\":{}},\\"key\\":null,\\"ref\\":null,\\"props\\":{\\"to\\":\\"/projects\\",\\"className\\":\\"nav-link\\",\\"children\\":\\"PROJECTS\\"},\\"_owner\\":null,\\"_store\\":{}},{\\"type\\":{\\"displayName\\":\\"Link\\",\\"propTypes\\":{}},\\"key\\":null,\\"ref\\":null,\\"props\\":{\\"to\\":\\"/archive\\",\\"className\\":\\"nav-link\\",\\"children\\":\\"ARCHIVE\\"},\\"_owner\\":null,\\"_store\\":{}}]},\\"key\\":\\"null\\"}
  -> {\\"nodeType\\":\\"react\\",\\"type\\":{\\"displayName\\":\\"Link\\",\\"propTypes\\":{}},\\"name\\":\\"Link\\",\\"props\\":{\\"to\\":\\"/\\",\\"className\\":\\"nav-link\\",\\"children\\":\\"HOME\\"},\\"key\\":\\"null\\"}
   -> {\\"nodeType\\":\\"string\\",\\"type\\":\\"HOME\\",\\"props\\":{},\\"name\\":\\"\\",\\"key\\":\\"undefined\\"}
  -> {\\"nodeType\\":\\"react\\",\\"type\\":{\\"displayName\\":\\"Link\\",\\"propTypes\\":{}},\\"name\\":\\"Link\\",\\"props\\":{\\"to\\":\\"/mission\\",\\"className\\":\\"nav-link\\",\\"children\\":\\"MISSION\\"},\\"key\\":\\"null\\"}
   -> {\\"nodeType\\":\\"string\\",\\"type\\":\\"MISSION\\",\\"props\\":{},\\"name\\":\\"\\",\\"key\\":\\"undefined\\"}
  -> {\\"nodeType\\":\\"react\\",\\"type\\":{\\"displayName\\":\\"Link\\",\\"propTypes\\":{}},\\"name\\":\\"Link\\",\\"props\\":{\\"to\\":\\"/team\\",\\"className\\":\\"nav-link\\",\\"children\\":\\"TEAM\\"},\\"key\\":\\"null\\"}
   -> {\\"nodeType\\":\\"string\\",\\"type\\":\\"TEAM\\",\\"props\\":{},\\"name\\":\\"\\",\\"key\\":\\"undefined\\"}
  -> {\\"nodeType\\":\\"react\\",\\"type\\":{\\"displayName\\":\\"Link\\",\\"propTypes\\":{}},\\"name\\":\\"Link\\",\\"props\\":{\\"to\\":\\"/projects\\",\\"className\\":\\"nav-link\\",\\"children\\":\\"PROJECTS\\"},\\"key\\":\\"null\\"}
   -> {\\"nodeType\\":\\"string\\",\\"type\\":\\"PROJECTS\\",\\"props\\":{},\\"name\\":\\"\\",\\"key\\":\\"undefined\\"}
  -> {\\"nodeType\\":\\"react\\",\\"type\\":{\\"displayName\\":\\"Link\\",\\"propTypes\\":{}},\\"name\\":\\"Link\\",\\"props\\":{\\"to\\":\\"/archive\\",\\"className\\":\\"nav-link\\",\\"children\\":\\"ARCHIVE\\"},\\"key\\":\\"null\\"}
   -> {\\"nodeType\\":\\"string\\",\\"type\\":\\"ARCHIVE\\",\\"props\\":{},\\"name\\":\\"\\",\\"key\\":\\"undefined\\"}"
`;
