// Jest Snapshot v1, https://goo.gl/fbAQLP

exports[`JSX Tests :: <NotFoundPage /> Rendering Sanity Check Snapshot Rendering 1`] = `
"<div id=\\"404-page-container\\">
  <h4>
    404 Page Not Found
  </h4>
  <button id=\\"home-button\\" className=\\"usa-button\\" aria-label=\\"Click to return to Home Screen\\" value=\\"Go Back To Home Page\\" onClick={[Function: onClick]}>
    Go Back To Home Page
  </button>
</div>"
`;
