// Jest Snapshot v1, https://goo.gl/fbAQLP

exports[`JSX Tests :: <Team /> Rendering Sanity Check Snapshot Rendering 1`] = `
"{\\"nodeType\\":\\"html\\",\\"type\\":\\"div\\",\\"name\\":\\"div\\",\\"props\\":{\\"className\\":\\"team-container\\",\\"style\\":{\\"padding\\":\\"3rem 0 0 0\\"},\\"children\\":[{\\"type\\":\\"div\\",\\"key\\":null,\\"ref\\":null,\\"props\\":{\\"className\\":\\"white-text team-header\\",\\"children\\":[{\\"type\\":\\"div\\",\\"key\\":null,\\"ref\\":null,\\"props\\":{\\"style\\":{\\"width\\":\\"20%\\",\\"textAlign\\":\\"right\\"},\\"children\\":{\\"type\\":\\"h3\\",\\"key\\":null,\\"ref\\":null,\\"props\\":{\\"className\\":\\"mr-2\\",\\"children\\":\\"TEAM\\"},\\"_owner\\":null,\\"_store\\":{}}},\\"_owner\\":null,\\"_store\\":{}},{\\"type\\":\\"div\\",\\"key\\":null,\\"ref\\":null,\\"props\\":{\\"style\\":{\\"width\\":\\"80%\\",\\"display\\":\\"flex\\",\\"flexDirection\\":\\"column\\",\\"justifyContent\\":\\"flex-start\\"},\\"children\\":[{\\"type\\":\\"h5\\",\\"key\\":null,\\"ref\\":null,\\"props\\":{\\"className\\":\\"mat-title\\",\\"children\\":\\"LOREM IPSUM DOLOR SIT AMET\\"},\\"_owner\\":null,\\"_store\\":{}},{\\"type\\":\\"div\\",\\"key\\":null,\\"ref\\":null,\\"props\\":{\\"className\\":\\"header-border\\"},\\"_owner\\":null,\\"_store\\":{}},{\\"type\\":\\"p\\",\\"key\\":null,\\"ref\\":null,\\"props\\":{\\"className\\":\\"mat-subheading-2\\",\\"children\\":\\"Lorem ipsum dolor sit amet, consectetur adipiscing elit, sed do eiusmod tempor incididunt ut labore et dolore magna aliqua. Ut enim ad minim veniam. Consectetur adipiscing elit, sed do eiusmod tempor incididunt.\\"},\\"_owner\\":null,\\"_store\\":{}}]},\\"_owner\\":null,\\"_store\\":{}}]},\\"_owner\\":null,\\"_store\\":{}},{\\"type\\":\\"div\\",\\"key\\":null,\\"ref\\":null,\\"props\\":{\\"className\\":\\"row-wrapper\\",\\"style\\":{\\"width\\":\\"100%\\",\\"display\\":\\"flex\\",\\"justifyContent\\":\\"center\\"},\\"children\\":{\\"type\\":\\"div\\",\\"key\\":null,\\"ref\\":null,\\"props\\":{\\"className\\":\\"row\\",\\"style\\":{\\"width\\":\\"80%\\",\\"display\\":\\"flex\\",\\"justifyContent\\":\\"space-around\\",\\"marginTop\\":\\"10rem\\",\\"flexWrap\\":\\"wrap\\"},\\"children\\":[{\\"type\\":\\"div\\",\\"key\\":\\"0\\",\\"ref\\":null,\\"props\\":{\\"style\\":{\\"zIndex\\":2,\\"display\\":\\"flex\\",\\"flexDirection\\":\\"column\\",\\"alignItems\\":\\"center\\",\\"width\\":\\"30%\\",\\"marginTop\\":\\"4rem\\"},\\"children\\":[{\\"type\\":\\"img\\",\\"key\\":null,\\"ref\\":null,\\"props\\":{\\"src\\":\\"../../assets/icon/user-icon.svg\\",\\"height\\":\\"250px\\"},\\"_owner\\":null,\\"_store\\":{}},{\\"type\\":\\"h4\\",\\"key\\":null,\\"ref\\":null,\\"props\\":{\\"className\\":\\"white-text mt-1\\",\\"children\\":\\"Nickolas Sibley\\"},\\"_owner\\":null,\\"_store\\":{}},{\\"type\\":\\"h5\\",\\"key\\":null,\\"ref\\":null,\\"props\\":{\\"className\\":\\"mat-title white-text\\",\\"style\\":{\\"borderBottom\\":\\"2px dashed #ffffff\\",\\"padding\\":\\"0.5rem\\"},\\"children\\":\\"Agile Coach\\"},\\"_owner\\":null,\\"_store\\":{}}]},\\"_owner\\":null,\\"_store\\":{}},{\\"type\\":\\"div\\",\\"key\\":\\"1\\",\\"ref\\":null,\\"props\\":{\\"style\\":{\\"zIndex\\":2,\\"display\\":\\"flex\\",\\"flexDirection\\":\\"column\\",\\"alignItems\\":\\"center\\",\\"width\\":\\"30%\\",\\"marginTop\\":\\"4rem\\"},\\"children\\":[{\\"type\\":\\"img\\",\\"key\\":null,\\"ref\\":null,\\"props\\":{\\"src\\":\\"../../assets/icon/user-icon.svg\\",\\"height\\":\\"250px\\"},\\"_owner\\":null,\\"_store\\":{}},{\\"type\\":\\"h4\\",\\"key\\":null,\\"ref\\":null,\\"props\\":{\\"className\\":\\"white-text mt-1\\",\\"children\\":\\"Peter Cofrancesco\\"},\\"_owner\\":null,\\"_store\\":{}},{\\"type\\":\\"h5\\",\\"key\\":null,\\"ref\\":null,\\"props\\":{\\"className\\":\\"mat-title white-text\\",\\"style\\":{\\"borderBottom\\":\\"2px dashed #ffffff\\",\\"padding\\":\\"0.5rem\\"},\\"children\\":\\"Innovation Engineer\\"},\\"_owner\\":null,\\"_store\\":{}}]},\\"_owner\\":null,\\"_store\\":{}},{\\"type\\":\\"div\\",\\"key\\":\\"2\\",\\"ref\\":null,\\"props\\":{\\"style\\":{\\"zIndex\\":2,\\"display\\":\\"flex\\",\\"flexDirection\\":\\"column\\",\\"alignItems\\":\\"center\\",\\"width\\":\\"30%\\",\\"marginTop\\":\\"4rem\\"},\\"children\\":[{\\"type\\":\\"img\\",\\"key\\":null,\\"ref\\":null,\\"props\\":{\\"src\\":\\"../../assets/icon/user-icon.svg\\",\\"height\\":\\"250px\\"},\\"_owner\\":null,\\"_store\\":{}},{\\"type\\":\\"h4\\",\\"key\\":null,\\"ref\\":null,\\"props\\":{\\"className\\":\\"white-text mt-1\\",\\"children\\":\\"Grant Moore\\"},\\"_owner\\":null,\\"_store\\":{}},{\\"type\\":\\"h5\\",\\"key\\":null,\\"ref\\":null,\\"props\\":{\\"className\\":\\"mat-title white-text\\",\\"style\\":{\\"borderBottom\\":\\"2px dashed #ffffff\\",\\"padding\\":\\"0.5rem\\"},\\"children\\":\\"DevSecOps\\"},\\"_owner\\":null,\\"_store\\":{}}]},\\"_owner\\":null,\\"_store\\":{}},{\\"type\\":\\"div\\",\\"key\\":\\"3\\",\\"ref\\":null,\\"props\\":{\\"style\\":{\\"zIndex\\":2,\\"display\\":\\"flex\\",\\"flexDirection\\":\\"column\\",\\"alignItems\\":\\"center\\",\\"width\\":\\"30%\\",\\"marginTop\\":\\"4rem\\"},\\"children\\":[{\\"type\\":\\"img\\",\\"key\\":null,\\"ref\\":null,\\"props\\":{\\"src\\":\\"../../assets/icon/user-icon.svg\\",\\"height\\":\\"250px\\"},\\"_owner\\":null,\\"_store\\":{}},{\\"type\\":\\"h4\\",\\"key\\":null,\\"ref\\":null,\\"props\\":{\\"className\\":\\"white-text mt-1\\",\\"children\\":\\"Selah Konur\\"},\\"_owner\\":null,\\"_store\\":{}},{\\"type\\":\\"h5\\",\\"key\\":null,\\"ref\\":null,\\"props\\":{\\"className\\":\\"mat-title white-text\\",\\"style\\":{\\"borderBottom\\":\\"2px dashed #ffffff\\",\\"padding\\":\\"0.5rem\\"},\\"children\\":\\"Innovation Lab Technical Specialist\\"},\\"_owner\\":null,\\"_store\\":{}}]},\\"_owner\\":null,\\"_store\\":{}},{\\"type\\":\\"div\\",\\"key\\":\\"4\\",\\"ref\\":null,\\"props\\":{\\"style\\":{\\"zIndex\\":2,\\"display\\":\\"flex\\",\\"flexDirection\\":\\"column\\",\\"alignItems\\":\\"center\\",\\"width\\":\\"30%\\",\\"marginTop\\":\\"4rem\\"},\\"children\\":[{\\"type\\":\\"img\\",\\"key\\":null,\\"ref\\":null,\\"props\\":{\\"src\\":\\"../../assets/icon/user-icon.svg\\",\\"height\\":\\"250px\\"},\\"_owner\\":null,\\"_store\\":{}},{\\"type\\":\\"h4\\",\\"key\\":null,\\"ref\\":null,\\"props\\":{\\"className\\":\\"white-text mt-1\\",\\"children\\":\\"Aurora Pariseau\\"},\\"_owner\\":null,\\"_store\\":{}},{\\"type\\":\\"h5\\",\\"key\\":null,\\"ref\\":null,\\"props\\":{\\"className\\":\\"mat-title white-text\\",\\"style\\":{\\"borderBottom\\":\\"2px dashed #ffffff\\",\\"padding\\":\\"0.5rem\\"},\\"children\\":\\"Full Stack Developer\\"},\\"_owner\\":null,\\"_store\\":{}}]},\\"_owner\\":null,\\"_store\\":{}},{\\"type\\":\\"div\\",\\"key\\":\\"5\\",\\"ref\\":null,\\"props\\":{\\"style\\":{\\"zIndex\\":2,\\"display\\":\\"flex\\",\\"flexDirection\\":\\"column\\",\\"alignItems\\":\\"center\\",\\"width\\":\\"30%\\",\\"marginTop\\":\\"4rem\\"},\\"children\\":[{\\"type\\":\\"img\\",\\"key\\":null,\\"ref\\":null,\\"props\\":{\\"src\\":\\"../../assets/icon/user-icon.svg\\",\\"height\\":\\"250px\\"},\\"_owner\\":null,\\"_store\\":{}},{\\"type\\":\\"h4\\",\\"key\\":null,\\"ref\\":null,\\"props\\":{\\"className\\":\\"white-text mt-1\\",\\"children\\":\\"Thomas Klock\\"},\\"_owner\\":null,\\"_store\\":{}},{\\"type\\":\\"h5\\",\\"key\\":null,\\"ref\\":null,\\"props\\":{\\"className\\":\\"mat-title white-text\\",\\"style\\":{\\"borderBottom\\":\\"2px dashed #ffffff\\",\\"padding\\":\\"0.5rem\\"},\\"children\\":\\"Full Stack Developer\\"},\\"_owner\\":null,\\"_store\\":{}}]},\\"_owner\\":null,\\"_store\\":{}},{\\"type\\":\\"div\\",\\"key\\":\\"6\\",\\"ref\\":null,\\"props\\":{\\"style\\":{\\"zIndex\\":2,\\"display\\":\\"flex\\",\\"flexDirection\\":\\"column\\",\\"alignItems\\":\\"center\\",\\"width\\":\\"30%\\",\\"marginTop\\":\\"4rem\\"},\\"children\\":[{\\"type\\":\\"img\\",\\"key\\":null,\\"ref\\":null,\\"props\\":{\\"src\\":\\"../../assets/icon/user-icon.svg\\",\\"height\\":\\"250px\\"},\\"_owner\\":null,\\"_store\\":{}},{\\"type\\":\\"h4\\",\\"key\\":null,\\"ref\\":null,\\"props\\":{\\"className\\":\\"white-text mt-1\\",\\"children\\":\\"Phung Ngo\\"},\\"_owner\\":null,\\"_store\\":{}},{\\"type\\":\\"h5\\",\\"key\\":null,\\"ref\\":null,\\"props\\":{\\"className\\":\\"mat-title white-text\\",\\"style\\":{\\"borderBottom\\":\\"2px dashed #ffffff\\",\\"padding\\":\\"0.5rem\\"},\\"children\\":\\"UX/Front End Developer\\"},\\"_owner\\":null,\\"_store\\":{}}]},\\"_owner\\":null,\\"_store\\":{}}]},\\"_owner\\":null,\\"_store\\":{}}},\\"_owner\\":null,\\"_store\\":{}}]},\\"key\\":\\"null\\"}
 -> {\\"nodeType\\":\\"html\\",\\"type\\":\\"div\\",\\"name\\":\\"div\\",\\"props\\":{\\"className\\":\\"white-text team-header\\",\\"children\\":[{\\"type\\":\\"div\\",\\"key\\":null,\\"ref\\":null,\\"props\\":{\\"style\\":{\\"width\\":\\"20%\\",\\"textAlign\\":\\"right\\"},\\"children\\":{\\"type\\":\\"h3\\",\\"key\\":null,\\"ref\\":null,\\"props\\":{\\"className\\":\\"mr-2\\",\\"children\\":\\"TEAM\\"},\\"_owner\\":null,\\"_store\\":{}}},\\"_owner\\":null,\\"_store\\":{}},{\\"type\\":\\"div\\",\\"key\\":null,\\"ref\\":null,\\"props\\":{\\"style\\":{\\"width\\":\\"80%\\",\\"display\\":\\"flex\\",\\"flexDirection\\":\\"column\\",\\"justifyContent\\":\\"flex-start\\"},\\"children\\":[{\\"type\\":\\"h5\\",\\"key\\":null,\\"ref\\":null,\\"props\\":{\\"className\\":\\"mat-title\\",\\"children\\":\\"LOREM IPSUM DOLOR SIT AMET\\"},\\"_owner\\":null,\\"_store\\":{}},{\\"type\\":\\"div\\",\\"key\\":null,\\"ref\\":null,\\"props\\":{\\"className\\":\\"header-border\\"},\\"_owner\\":null,\\"_store\\":{}},{\\"type\\":\\"p\\",\\"key\\":null,\\"ref\\":null,\\"props\\":{\\"className\\":\\"mat-subheading-2\\",\\"children\\":\\"Lorem ipsum dolor sit amet, consectetur adipiscing elit, sed do eiusmod tempor incididunt ut labore et dolore magna aliqua. Ut enim ad minim veniam. Consectetur adipiscing elit, sed do eiusmod tempor incididunt.\\"},\\"_owner\\":null,\\"_store\\":{}}]},\\"_owner\\":null,\\"_store\\":{}}]},\\"key\\":\\"null\\"}
  -> {\\"nodeType\\":\\"html\\",\\"type\\":\\"div\\",\\"name\\":\\"div\\",\\"props\\":{\\"style\\":{\\"width\\":\\"20%\\",\\"textAlign\\":\\"right\\"},\\"children\\":{\\"type\\":\\"h3\\",\\"key\\":null,\\"ref\\":null,\\"props\\":{\\"className\\":\\"mr-2\\",\\"children\\":\\"TEAM\\"},\\"_owner\\":null,\\"_store\\":{}}},\\"key\\":\\"null\\"}
   -> {\\"nodeType\\":\\"html\\",\\"type\\":\\"h3\\",\\"name\\":\\"h3\\",\\"props\\":{\\"className\\":\\"mr-2\\",\\"children\\":\\"TEAM\\"},\\"key\\":\\"null\\"}
    -> {\\"nodeType\\":\\"string\\",\\"type\\":\\"TEAM\\",\\"props\\":{},\\"name\\":\\"\\",\\"key\\":\\"undefined\\"}
  -> {\\"nodeType\\":\\"html\\",\\"type\\":\\"div\\",\\"name\\":\\"div\\",\\"props\\":{\\"style\\":{\\"width\\":\\"80%\\",\\"display\\":\\"flex\\",\\"flexDirection\\":\\"column\\",\\"justifyContent\\":\\"flex-start\\"},\\"children\\":[{\\"type\\":\\"h5\\",\\"key\\":null,\\"ref\\":null,\\"props\\":{\\"className\\":\\"mat-title\\",\\"children\\":\\"LOREM IPSUM DOLOR SIT AMET\\"},\\"_owner\\":null,\\"_store\\":{}},{\\"type\\":\\"div\\",\\"key\\":null,\\"ref\\":null,\\"props\\":{\\"className\\":\\"header-border\\"},\\"_owner\\":null,\\"_store\\":{}},{\\"type\\":\\"p\\",\\"key\\":null,\\"ref\\":null,\\"props\\":{\\"className\\":\\"mat-subheading-2\\",\\"children\\":\\"Lorem ipsum dolor sit amet, consectetur adipiscing elit, sed do eiusmod tempor incididunt ut labore et dolore magna aliqua. Ut enim ad minim veniam. Consectetur adipiscing elit, sed do eiusmod tempor incididunt.\\"},\\"_owner\\":null,\\"_store\\":{}}]},\\"key\\":\\"null\\"}
   -> {\\"nodeType\\":\\"html\\",\\"type\\":\\"h5\\",\\"name\\":\\"h5\\",\\"props\\":{\\"className\\":\\"mat-title\\",\\"children\\":\\"LOREM IPSUM DOLOR SIT AMET\\"},\\"key\\":\\"null\\"}
    -> {\\"nodeType\\":\\"string\\",\\"type\\":\\"LOREM IPSUM DOLOR SIT AMET\\",\\"props\\":{},\\"name\\":\\"\\",\\"key\\":\\"undefined\\"}
   -> {\\"nodeType\\":\\"html\\",\\"type\\":\\"div\\",\\"name\\":\\"div\\",\\"props\\":{\\"className\\":\\"header-border\\"},\\"key\\":\\"null\\"}
   -> {\\"nodeType\\":\\"html\\",\\"type\\":\\"p\\",\\"name\\":\\"p\\",\\"props\\":{\\"className\\":\\"mat-subheading-2\\",\\"children\\":\\"Lorem ipsum dolor sit amet, consectetur adipiscing elit, sed do eiusmod tempor incididunt ut labore et dolore magna aliqua. Ut enim ad minim veniam. Consectetur adipiscing elit, sed do eiusmod tempor incididunt.\\"},\\"key\\":\\"null\\"}
    -> {\\"nodeType\\":\\"string\\",\\"type\\":\\"Lorem ipsum dolor sit amet, consectetur adipiscing elit, sed do eiusmod tempor incididunt ut labore et dolore magna aliqua. Ut enim ad minim veniam. Consectetur adipiscing elit, sed do eiusmod tempor incididunt.\\",\\"props\\":{},\\"name\\":\\"\\",\\"key\\":\\"undefined\\"}
 -> {\\"nodeType\\":\\"html\\",\\"type\\":\\"div\\",\\"name\\":\\"div\\",\\"props\\":{\\"className\\":\\"row-wrapper\\",\\"style\\":{\\"width\\":\\"100%\\",\\"display\\":\\"flex\\",\\"justifyContent\\":\\"center\\"},\\"children\\":{\\"type\\":\\"div\\",\\"key\\":null,\\"ref\\":null,\\"props\\":{\\"className\\":\\"row\\",\\"style\\":{\\"width\\":\\"80%\\",\\"display\\":\\"flex\\",\\"justifyContent\\":\\"space-around\\",\\"marginTop\\":\\"10rem\\",\\"flexWrap\\":\\"wrap\\"},\\"children\\":[{\\"type\\":\\"div\\",\\"key\\":\\"0\\",\\"ref\\":null,\\"props\\":{\\"style\\":{\\"zIndex\\":2,\\"display\\":\\"flex\\",\\"flexDirection\\":\\"column\\",\\"alignItems\\":\\"center\\",\\"width\\":\\"30%\\",\\"marginTop\\":\\"4rem\\"},\\"children\\":[{\\"type\\":\\"img\\",\\"key\\":null,\\"ref\\":null,\\"props\\":{\\"src\\":\\"../../assets/icon/user-icon.svg\\",\\"height\\":\\"250px\\"},\\"_owner\\":null,\\"_store\\":{}},{\\"type\\":\\"h4\\",\\"key\\":null,\\"ref\\":null,\\"props\\":{\\"className\\":\\"white-text mt-1\\",\\"children\\":\\"Nickolas Sibley\\"},\\"_owner\\":null,\\"_store\\":{}},{\\"type\\":\\"h5\\",\\"key\\":null,\\"ref\\":null,\\"props\\":{\\"className\\":\\"mat-title white-text\\",\\"style\\":{\\"borderBottom\\":\\"2px dashed #ffffff\\",\\"padding\\":\\"0.5rem\\"},\\"children\\":\\"Agile Coach\\"},\\"_owner\\":null,\\"_store\\":{}}]},\\"_owner\\":null,\\"_store\\":{}},{\\"type\\":\\"div\\",\\"key\\":\\"1\\",\\"ref\\":null,\\"props\\":{\\"style\\":{\\"zIndex\\":2,\\"display\\":\\"flex\\",\\"flexDirection\\":\\"column\\",\\"alignItems\\":\\"center\\",\\"width\\":\\"30%\\",\\"marginTop\\":\\"4rem\\"},\\"children\\":[{\\"type\\":\\"img\\",\\"key\\":null,\\"ref\\":null,\\"props\\":{\\"src\\":\\"../../assets/icon/user-icon.svg\\",\\"height\\":\\"250px\\"},\\"_owner\\":null,\\"_store\\":{}},{\\"type\\":\\"h4\\",\\"key\\":null,\\"ref\\":null,\\"props\\":{\\"className\\":\\"white-text mt-1\\",\\"children\\":\\"Peter Cofrancesco\\"},\\"_owner\\":null,\\"_store\\":{}},{\\"type\\":\\"h5\\",\\"key\\":null,\\"ref\\":null,\\"props\\":{\\"className\\":\\"mat-title white-text\\",\\"style\\":{\\"borderBottom\\":\\"2px dashed #ffffff\\",\\"padding\\":\\"0.5rem\\"},\\"children\\":\\"Innovation Engineer\\"},\\"_owner\\":null,\\"_store\\":{}}]},\\"_owner\\":null,\\"_store\\":{}},{\\"type\\":\\"div\\",\\"key\\":\\"2\\",\\"ref\\":null,\\"props\\":{\\"style\\":{\\"zIndex\\":2,\\"display\\":\\"flex\\",\\"flexDirection\\":\\"column\\",\\"alignItems\\":\\"center\\",\\"width\\":\\"30%\\",\\"marginTop\\":\\"4rem\\"},\\"children\\":[{\\"type\\":\\"img\\",\\"key\\":null,\\"ref\\":null,\\"props\\":{\\"src\\":\\"../../assets/icon/user-icon.svg\\",\\"height\\":\\"250px\\"},\\"_owner\\":null,\\"_store\\":{}},{\\"type\\":\\"h4\\",\\"key\\":null,\\"ref\\":null,\\"props\\":{\\"className\\":\\"white-text mt-1\\",\\"children\\":\\"Grant Moore\\"},\\"_owner\\":null,\\"_store\\":{}},{\\"type\\":\\"h5\\",\\"key\\":null,\\"ref\\":null,\\"props\\":{\\"className\\":\\"mat-title white-text\\",\\"style\\":{\\"borderBottom\\":\\"2px dashed #ffffff\\",\\"padding\\":\\"0.5rem\\"},\\"children\\":\\"DevSecOps\\"},\\"_owner\\":null,\\"_store\\":{}}]},\\"_owner\\":null,\\"_store\\":{}},{\\"type\\":\\"div\\",\\"key\\":\\"3\\",\\"ref\\":null,\\"props\\":{\\"style\\":{\\"zIndex\\":2,\\"display\\":\\"flex\\",\\"flexDirection\\":\\"column\\",\\"alignItems\\":\\"center\\",\\"width\\":\\"30%\\",\\"marginTop\\":\\"4rem\\"},\\"children\\":[{\\"type\\":\\"img\\",\\"key\\":null,\\"ref\\":null,\\"props\\":{\\"src\\":\\"../../assets/icon/user-icon.svg\\",\\"height\\":\\"250px\\"},\\"_owner\\":null,\\"_store\\":{}},{\\"type\\":\\"h4\\",\\"key\\":null,\\"ref\\":null,\\"props\\":{\\"className\\":\\"white-text mt-1\\",\\"children\\":\\"Selah Konur\\"},\\"_owner\\":null,\\"_store\\":{}},{\\"type\\":\\"h5\\",\\"key\\":null,\\"ref\\":null,\\"props\\":{\\"className\\":\\"mat-title white-text\\",\\"style\\":{\\"borderBottom\\":\\"2px dashed #ffffff\\",\\"padding\\":\\"0.5rem\\"},\\"children\\":\\"Innovation Lab Technical Specialist\\"},\\"_owner\\":null,\\"_store\\":{}}]},\\"_owner\\":null,\\"_store\\":{}},{\\"type\\":\\"div\\",\\"key\\":\\"4\\",\\"ref\\":null,\\"props\\":{\\"style\\":{\\"zIndex\\":2,\\"display\\":\\"flex\\",\\"flexDirection\\":\\"column\\",\\"alignItems\\":\\"center\\",\\"width\\":\\"30%\\",\\"marginTop\\":\\"4rem\\"},\\"children\\":[{\\"type\\":\\"img\\",\\"key\\":null,\\"ref\\":null,\\"props\\":{\\"src\\":\\"../../assets/icon/user-icon.svg\\",\\"height\\":\\"250px\\"},\\"_owner\\":null,\\"_store\\":{}},{\\"type\\":\\"h4\\",\\"key\\":null,\\"ref\\":null,\\"props\\":{\\"className\\":\\"white-text mt-1\\",\\"children\\":\\"Aurora Pariseau\\"},\\"_owner\\":null,\\"_store\\":{}},{\\"type\\":\\"h5\\",\\"key\\":null,\\"ref\\":null,\\"props\\":{\\"className\\":\\"mat-title white-text\\",\\"style\\":{\\"borderBottom\\":\\"2px dashed #ffffff\\",\\"padding\\":\\"0.5rem\\"},\\"children\\":\\"Full Stack Developer\\"},\\"_owner\\":null,\\"_store\\":{}}]},\\"_owner\\":null,\\"_store\\":{}},{\\"type\\":\\"div\\",\\"key\\":\\"5\\",\\"ref\\":null,\\"props\\":{\\"style\\":{\\"zIndex\\":2,\\"display\\":\\"flex\\",\\"flexDirection\\":\\"column\\",\\"alignItems\\":\\"center\\",\\"width\\":\\"30%\\",\\"marginTop\\":\\"4rem\\"},\\"children\\":[{\\"type\\":\\"img\\",\\"key\\":null,\\"ref\\":null,\\"props\\":{\\"src\\":\\"../../assets/icon/user-icon.svg\\",\\"height\\":\\"250px\\"},\\"_owner\\":null,\\"_store\\":{}},{\\"type\\":\\"h4\\",\\"key\\":null,\\"ref\\":null,\\"props\\":{\\"className\\":\\"white-text mt-1\\",\\"children\\":\\"Thomas Klock\\"},\\"_owner\\":null,\\"_store\\":{}},{\\"type\\":\\"h5\\",\\"key\\":null,\\"ref\\":null,\\"props\\":{\\"className\\":\\"mat-title white-text\\",\\"style\\":{\\"borderBottom\\":\\"2px dashed #ffffff\\",\\"padding\\":\\"0.5rem\\"},\\"children\\":\\"Full Stack Developer\\"},\\"_owner\\":null,\\"_store\\":{}}]},\\"_owner\\":null,\\"_store\\":{}},{\\"type\\":\\"div\\",\\"key\\":\\"6\\",\\"ref\\":null,\\"props\\":{\\"style\\":{\\"zIndex\\":2,\\"display\\":\\"flex\\",\\"flexDirection\\":\\"column\\",\\"alignItems\\":\\"center\\",\\"width\\":\\"30%\\",\\"marginTop\\":\\"4rem\\"},\\"children\\":[{\\"type\\":\\"img\\",\\"key\\":null,\\"ref\\":null,\\"props\\":{\\"src\\":\\"../../assets/icon/user-icon.svg\\",\\"height\\":\\"250px\\"},\\"_owner\\":null,\\"_store\\":{}},{\\"type\\":\\"h4\\",\\"key\\":null,\\"ref\\":null,\\"props\\":{\\"className\\":\\"white-text mt-1\\",\\"children\\":\\"Phung Ngo\\"},\\"_owner\\":null,\\"_store\\":{}},{\\"type\\":\\"h5\\",\\"key\\":null,\\"ref\\":null,\\"props\\":{\\"className\\":\\"mat-title white-text\\",\\"style\\":{\\"borderBottom\\":\\"2px dashed #ffffff\\",\\"padding\\":\\"0.5rem\\"},\\"children\\":\\"UX/Front End Developer\\"},\\"_owner\\":null,\\"_store\\":{}}]},\\"_owner\\":null,\\"_store\\":{}}]},\\"_owner\\":null,\\"_store\\":{}}},\\"key\\":\\"null\\"}
  -> {\\"nodeType\\":\\"html\\",\\"type\\":\\"div\\",\\"name\\":\\"div\\",\\"props\\":{\\"className\\":\\"row\\",\\"style\\":{\\"width\\":\\"80%\\",\\"display\\":\\"flex\\",\\"justifyContent\\":\\"space-around\\",\\"marginTop\\":\\"10rem\\",\\"flexWrap\\":\\"wrap\\"},\\"children\\":[{\\"type\\":\\"div\\",\\"key\\":\\"0\\",\\"ref\\":null,\\"props\\":{\\"style\\":{\\"zIndex\\":2,\\"display\\":\\"flex\\",\\"flexDirection\\":\\"column\\",\\"alignItems\\":\\"center\\",\\"width\\":\\"30%\\",\\"marginTop\\":\\"4rem\\"},\\"children\\":[{\\"type\\":\\"img\\",\\"key\\":null,\\"ref\\":null,\\"props\\":{\\"src\\":\\"../../assets/icon/user-icon.svg\\",\\"height\\":\\"250px\\"},\\"_owner\\":null,\\"_store\\":{}},{\\"type\\":\\"h4\\",\\"key\\":null,\\"ref\\":null,\\"props\\":{\\"className\\":\\"white-text mt-1\\",\\"children\\":\\"Nickolas Sibley\\"},\\"_owner\\":null,\\"_store\\":{}},{\\"type\\":\\"h5\\",\\"key\\":null,\\"ref\\":null,\\"props\\":{\\"className\\":\\"mat-title white-text\\",\\"style\\":{\\"borderBottom\\":\\"2px dashed #ffffff\\",\\"padding\\":\\"0.5rem\\"},\\"children\\":\\"Agile Coach\\"},\\"_owner\\":null,\\"_store\\":{}}]},\\"_owner\\":null,\\"_store\\":{}},{\\"type\\":\\"div\\",\\"key\\":\\"1\\",\\"ref\\":null,\\"props\\":{\\"style\\":{\\"zIndex\\":2,\\"display\\":\\"flex\\",\\"flexDirection\\":\\"column\\",\\"alignItems\\":\\"center\\",\\"width\\":\\"30%\\",\\"marginTop\\":\\"4rem\\"},\\"children\\":[{\\"type\\":\\"img\\",\\"key\\":null,\\"ref\\":null,\\"props\\":{\\"src\\":\\"../../assets/icon/user-icon.svg\\",\\"height\\":\\"250px\\"},\\"_owner\\":null,\\"_store\\":{}},{\\"type\\":\\"h4\\",\\"key\\":null,\\"ref\\":null,\\"props\\":{\\"className\\":\\"white-text mt-1\\",\\"children\\":\\"Peter Cofrancesco\\"},\\"_owner\\":null,\\"_store\\":{}},{\\"type\\":\\"h5\\",\\"key\\":null,\\"ref\\":null,\\"props\\":{\\"className\\":\\"mat-title white-text\\",\\"style\\":{\\"borderBottom\\":\\"2px dashed #ffffff\\",\\"padding\\":\\"0.5rem\\"},\\"children\\":\\"Innovation Engineer\\"},\\"_owner\\":null,\\"_store\\":{}}]},\\"_owner\\":null,\\"_store\\":{}},{\\"type\\":\\"div\\",\\"key\\":\\"2\\",\\"ref\\":null,\\"props\\":{\\"style\\":{\\"zIndex\\":2,\\"display\\":\\"flex\\",\\"flexDirection\\":\\"column\\",\\"alignItems\\":\\"center\\",\\"width\\":\\"30%\\",\\"marginTop\\":\\"4rem\\"},\\"children\\":[{\\"type\\":\\"img\\",\\"key\\":null,\\"ref\\":null,\\"props\\":{\\"src\\":\\"../../assets/icon/user-icon.svg\\",\\"height\\":\\"250px\\"},\\"_owner\\":null,\\"_store\\":{}},{\\"type\\":\\"h4\\",\\"key\\":null,\\"ref\\":null,\\"props\\":{\\"className\\":\\"white-text mt-1\\",\\"children\\":\\"Grant Moore\\"},\\"_owner\\":null,\\"_store\\":{}},{\\"type\\":\\"h5\\",\\"key\\":null,\\"ref\\":null,\\"props\\":{\\"className\\":\\"mat-title white-text\\",\\"style\\":{\\"borderBottom\\":\\"2px dashed #ffffff\\",\\"padding\\":\\"0.5rem\\"},\\"children\\":\\"DevSecOps\\"},\\"_owner\\":null,\\"_store\\":{}}]},\\"_owner\\":null,\\"_store\\":{}},{\\"type\\":\\"div\\",\\"key\\":\\"3\\",\\"ref\\":null,\\"props\\":{\\"style\\":{\\"zIndex\\":2,\\"display\\":\\"flex\\",\\"flexDirection\\":\\"column\\",\\"alignItems\\":\\"center\\",\\"width\\":\\"30%\\",\\"marginTop\\":\\"4rem\\"},\\"children\\":[{\\"type\\":\\"img\\",\\"key\\":null,\\"ref\\":null,\\"props\\":{\\"src\\":\\"../../assets/icon/user-icon.svg\\",\\"height\\":\\"250px\\"},\\"_owner\\":null,\\"_store\\":{}},{\\"type\\":\\"h4\\",\\"key\\":null,\\"ref\\":null,\\"props\\":{\\"className\\":\\"white-text mt-1\\",\\"children\\":\\"Selah Konur\\"},\\"_owner\\":null,\\"_store\\":{}},{\\"type\\":\\"h5\\",\\"key\\":null,\\"ref\\":null,\\"props\\":{\\"className\\":\\"mat-title white-text\\",\\"style\\":{\\"borderBottom\\":\\"2px dashed #ffffff\\",\\"padding\\":\\"0.5rem\\"},\\"children\\":\\"Innovation Lab Technical Specialist\\"},\\"_owner\\":null,\\"_store\\":{}}]},\\"_owner\\":null,\\"_store\\":{}},{\\"type\\":\\"div\\",\\"key\\":\\"4\\",\\"ref\\":null,\\"props\\":{\\"style\\":{\\"zIndex\\":2,\\"display\\":\\"flex\\",\\"flexDirection\\":\\"column\\",\\"alignItems\\":\\"center\\",\\"width\\":\\"30%\\",\\"marginTop\\":\\"4rem\\"},\\"children\\":[{\\"type\\":\\"img\\",\\"key\\":null,\\"ref\\":null,\\"props\\":{\\"src\\":\\"../../assets/icon/user-icon.svg\\",\\"height\\":\\"250px\\"},\\"_owner\\":null,\\"_store\\":{}},{\\"type\\":\\"h4\\",\\"key\\":null,\\"ref\\":null,\\"props\\":{\\"className\\":\\"white-text mt-1\\",\\"children\\":\\"Aurora Pariseau\\"},\\"_owner\\":null,\\"_store\\":{}},{\\"type\\":\\"h5\\",\\"key\\":null,\\"ref\\":null,\\"props\\":{\\"className\\":\\"mat-title white-text\\",\\"style\\":{\\"borderBottom\\":\\"2px dashed #ffffff\\",\\"padding\\":\\"0.5rem\\"},\\"children\\":\\"Full Stack Developer\\"},\\"_owner\\":null,\\"_store\\":{}}]},\\"_owner\\":null,\\"_store\\":{}},{\\"type\\":\\"div\\",\\"key\\":\\"5\\",\\"ref\\":null,\\"props\\":{\\"style\\":{\\"zIndex\\":2,\\"display\\":\\"flex\\",\\"flexDirection\\":\\"column\\",\\"alignItems\\":\\"center\\",\\"width\\":\\"30%\\",\\"marginTop\\":\\"4rem\\"},\\"children\\":[{\\"type\\":\\"img\\",\\"key\\":null,\\"ref\\":null,\\"props\\":{\\"src\\":\\"../../assets/icon/user-icon.svg\\",\\"height\\":\\"250px\\"},\\"_owner\\":null,\\"_store\\":{}},{\\"type\\":\\"h4\\",\\"key\\":null,\\"ref\\":null,\\"props\\":{\\"className\\":\\"white-text mt-1\\",\\"children\\":\\"Thomas Klock\\"},\\"_owner\\":null,\\"_store\\":{}},{\\"type\\":\\"h5\\",\\"key\\":null,\\"ref\\":null,\\"props\\":{\\"className\\":\\"mat-title white-text\\",\\"style\\":{\\"borderBottom\\":\\"2px dashed #ffffff\\",\\"padding\\":\\"0.5rem\\"},\\"children\\":\\"Full Stack Developer\\"},\\"_owner\\":null,\\"_store\\":{}}]},\\"_owner\\":null,\\"_store\\":{}},{\\"type\\":\\"div\\",\\"key\\":\\"6\\",\\"ref\\":null,\\"props\\":{\\"style\\":{\\"zIndex\\":2,\\"display\\":\\"flex\\",\\"flexDirection\\":\\"column\\",\\"alignItems\\":\\"center\\",\\"width\\":\\"30%\\",\\"marginTop\\":\\"4rem\\"},\\"children\\":[{\\"type\\":\\"img\\",\\"key\\":null,\\"ref\\":null,\\"props\\":{\\"src\\":\\"../../assets/icon/user-icon.svg\\",\\"height\\":\\"250px\\"},\\"_owner\\":null,\\"_store\\":{}},{\\"type\\":\\"h4\\",\\"key\\":null,\\"ref\\":null,\\"props\\":{\\"className\\":\\"white-text mt-1\\",\\"children\\":\\"Phung Ngo\\"},\\"_owner\\":null,\\"_store\\":{}},{\\"type\\":\\"h5\\",\\"key\\":null,\\"ref\\":null,\\"props\\":{\\"className\\":\\"mat-title white-text\\",\\"style\\":{\\"borderBottom\\":\\"2px dashed #ffffff\\",\\"padding\\":\\"0.5rem\\"},\\"children\\":\\"UX/Front End Developer\\"},\\"_owner\\":null,\\"_store\\":{}}]},\\"_owner\\":null,\\"_store\\":{}}]},\\"key\\":\\"null\\"}
   -> {\\"nodeType\\":\\"html\\",\\"type\\":\\"div\\",\\"name\\":\\"div\\",\\"props\\":{\\"style\\":{\\"zIndex\\":2,\\"display\\":\\"flex\\",\\"flexDirection\\":\\"column\\",\\"alignItems\\":\\"center\\",\\"width\\":\\"30%\\",\\"marginTop\\":\\"4rem\\"},\\"children\\":[{\\"type\\":\\"img\\",\\"key\\":null,\\"ref\\":null,\\"props\\":{\\"src\\":\\"../../assets/icon/user-icon.svg\\",\\"height\\":\\"250px\\"},\\"_owner\\":null,\\"_store\\":{}},{\\"type\\":\\"h4\\",\\"key\\":null,\\"ref\\":null,\\"props\\":{\\"className\\":\\"white-text mt-1\\",\\"children\\":\\"Nickolas Sibley\\"},\\"_owner\\":null,\\"_store\\":{}},{\\"type\\":\\"h5\\",\\"key\\":null,\\"ref\\":null,\\"props\\":{\\"className\\":\\"mat-title white-text\\",\\"style\\":{\\"borderBottom\\":\\"2px dashed #ffffff\\",\\"padding\\":\\"0.5rem\\"},\\"children\\":\\"Agile Coach\\"},\\"_owner\\":null,\\"_store\\":{}}]},\\"key\\":\\"0\\"}
    -> {\\"nodeType\\":\\"html\\",\\"type\\":\\"img\\",\\"name\\":\\"img\\",\\"props\\":{\\"src\\":\\"../../assets/icon/user-icon.svg\\",\\"height\\":\\"250px\\"},\\"key\\":\\"null\\"}
    -> {\\"nodeType\\":\\"html\\",\\"type\\":\\"h4\\",\\"name\\":\\"h4\\",\\"props\\":{\\"className\\":\\"white-text mt-1\\",\\"children\\":\\"Nickolas Sibley\\"},\\"key\\":\\"null\\"}
     -> {\\"nodeType\\":\\"string\\",\\"type\\":\\"Nickolas Sibley\\",\\"props\\":{},\\"name\\":\\"\\",\\"key\\":\\"undefined\\"}
    -> {\\"nodeType\\":\\"html\\",\\"type\\":\\"h5\\",\\"name\\":\\"h5\\",\\"props\\":{\\"className\\":\\"mat-title white-text\\",\\"style\\":{\\"borderBottom\\":\\"2px dashed #ffffff\\",\\"padding\\":\\"0.5rem\\"},\\"children\\":\\"Agile Coach\\"},\\"key\\":\\"null\\"}
     -> {\\"nodeType\\":\\"string\\",\\"type\\":\\"Agile Coach\\",\\"props\\":{},\\"name\\":\\"\\",\\"key\\":\\"undefined\\"}
   -> {\\"nodeType\\":\\"html\\",\\"type\\":\\"div\\",\\"name\\":\\"div\\",\\"props\\":{\\"style\\":{\\"zIndex\\":2,\\"display\\":\\"flex\\",\\"flexDirection\\":\\"column\\",\\"alignItems\\":\\"center\\",\\"width\\":\\"30%\\",\\"marginTop\\":\\"4rem\\"},\\"children\\":[{\\"type\\":\\"img\\",\\"key\\":null,\\"ref\\":null,\\"props\\":{\\"src\\":\\"../../assets/icon/user-icon.svg\\",\\"height\\":\\"250px\\"},\\"_owner\\":null,\\"_store\\":{}},{\\"type\\":\\"h4\\",\\"key\\":null,\\"ref\\":null,\\"props\\":{\\"className\\":\\"white-text mt-1\\",\\"children\\":\\"Peter Cofrancesco\\"},\\"_owner\\":null,\\"_store\\":{}},{\\"type\\":\\"h5\\",\\"key\\":null,\\"ref\\":null,\\"props\\":{\\"className\\":\\"mat-title white-text\\",\\"style\\":{\\"borderBottom\\":\\"2px dashed #ffffff\\",\\"padding\\":\\"0.5rem\\"},\\"children\\":\\"Innovation Engineer\\"},\\"_owner\\":null,\\"_store\\":{}}]},\\"key\\":\\"1\\"}
    -> {\\"nodeType\\":\\"html\\",\\"type\\":\\"img\\",\\"name\\":\\"img\\",\\"props\\":{\\"src\\":\\"../../assets/icon/user-icon.svg\\",\\"height\\":\\"250px\\"},\\"key\\":\\"null\\"}
    -> {\\"nodeType\\":\\"html\\",\\"type\\":\\"h4\\",\\"name\\":\\"h4\\",\\"props\\":{\\"className\\":\\"white-text mt-1\\",\\"children\\":\\"Peter Cofrancesco\\"},\\"key\\":\\"null\\"}
     -> {\\"nodeType\\":\\"string\\",\\"type\\":\\"Peter Cofrancesco\\",\\"props\\":{},\\"name\\":\\"\\",\\"key\\":\\"undefined\\"}
    -> {\\"nodeType\\":\\"html\\",\\"type\\":\\"h5\\",\\"name\\":\\"h5\\",\\"props\\":{\\"className\\":\\"mat-title white-text\\",\\"style\\":{\\"borderBottom\\":\\"2px dashed #ffffff\\",\\"padding\\":\\"0.5rem\\"},\\"children\\":\\"Innovation Engineer\\"},\\"key\\":\\"null\\"}
     -> {\\"nodeType\\":\\"string\\",\\"type\\":\\"Innovation Engineer\\",\\"props\\":{},\\"name\\":\\"\\",\\"key\\":\\"undefined\\"}
   -> {\\"nodeType\\":\\"html\\",\\"type\\":\\"div\\",\\"name\\":\\"div\\",\\"props\\":{\\"style\\":{\\"zIndex\\":2,\\"display\\":\\"flex\\",\\"flexDirection\\":\\"column\\",\\"alignItems\\":\\"center\\",\\"width\\":\\"30%\\",\\"marginTop\\":\\"4rem\\"},\\"children\\":[{\\"type\\":\\"img\\",\\"key\\":null,\\"ref\\":null,\\"props\\":{\\"src\\":\\"../../assets/icon/user-icon.svg\\",\\"height\\":\\"250px\\"},\\"_owner\\":null,\\"_store\\":{}},{\\"type\\":\\"h4\\",\\"key\\":null,\\"ref\\":null,\\"props\\":{\\"className\\":\\"white-text mt-1\\",\\"children\\":\\"Grant Moore\\"},\\"_owner\\":null,\\"_store\\":{}},{\\"type\\":\\"h5\\",\\"key\\":null,\\"ref\\":null,\\"props\\":{\\"className\\":\\"mat-title white-text\\",\\"style\\":{\\"borderBottom\\":\\"2px dashed #ffffff\\",\\"padding\\":\\"0.5rem\\"},\\"children\\":\\"DevSecOps\\"},\\"_owner\\":null,\\"_store\\":{}}]},\\"key\\":\\"2\\"}
    -> {\\"nodeType\\":\\"html\\",\\"type\\":\\"img\\",\\"name\\":\\"img\\",\\"props\\":{\\"src\\":\\"../../assets/icon/user-icon.svg\\",\\"height\\":\\"250px\\"},\\"key\\":\\"null\\"}
    -> {\\"nodeType\\":\\"html\\",\\"type\\":\\"h4\\",\\"name\\":\\"h4\\",\\"props\\":{\\"className\\":\\"white-text mt-1\\",\\"children\\":\\"Grant Moore\\"},\\"key\\":\\"null\\"}
     -> {\\"nodeType\\":\\"string\\",\\"type\\":\\"Grant Moore\\",\\"props\\":{},\\"name\\":\\"\\",\\"key\\":\\"undefined\\"}
    -> {\\"nodeType\\":\\"html\\",\\"type\\":\\"h5\\",\\"name\\":\\"h5\\",\\"props\\":{\\"className\\":\\"mat-title white-text\\",\\"style\\":{\\"borderBottom\\":\\"2px dashed #ffffff\\",\\"padding\\":\\"0.5rem\\"},\\"children\\":\\"DevSecOps\\"},\\"key\\":\\"null\\"}
     -> {\\"nodeType\\":\\"string\\",\\"type\\":\\"DevSecOps\\",\\"props\\":{},\\"name\\":\\"\\",\\"key\\":\\"undefined\\"}
   -> {\\"nodeType\\":\\"html\\",\\"type\\":\\"div\\",\\"name\\":\\"div\\",\\"props\\":{\\"style\\":{\\"zIndex\\":2,\\"display\\":\\"flex\\",\\"flexDirection\\":\\"column\\",\\"alignItems\\":\\"center\\",\\"width\\":\\"30%\\",\\"marginTop\\":\\"4rem\\"},\\"children\\":[{\\"type\\":\\"img\\",\\"key\\":null,\\"ref\\":null,\\"props\\":{\\"src\\":\\"../../assets/icon/user-icon.svg\\",\\"height\\":\\"250px\\"},\\"_owner\\":null,\\"_store\\":{}},{\\"type\\":\\"h4\\",\\"key\\":null,\\"ref\\":null,\\"props\\":{\\"className\\":\\"white-text mt-1\\",\\"children\\":\\"Selah Konur\\"},\\"_owner\\":null,\\"_store\\":{}},{\\"type\\":\\"h5\\",\\"key\\":null,\\"ref\\":null,\\"props\\":{\\"className\\":\\"mat-title white-text\\",\\"style\\":{\\"borderBottom\\":\\"2px dashed #ffffff\\",\\"padding\\":\\"0.5rem\\"},\\"children\\":\\"Innovation Lab Technical Specialist\\"},\\"_owner\\":null,\\"_store\\":{}}]},\\"key\\":\\"3\\"}
    -> {\\"nodeType\\":\\"html\\",\\"type\\":\\"img\\",\\"name\\":\\"img\\",\\"props\\":{\\"src\\":\\"../../assets/icon/user-icon.svg\\",\\"height\\":\\"250px\\"},\\"key\\":\\"null\\"}
    -> {\\"nodeType\\":\\"html\\",\\"type\\":\\"h4\\",\\"name\\":\\"h4\\",\\"props\\":{\\"className\\":\\"white-text mt-1\\",\\"children\\":\\"Selah Konur\\"},\\"key\\":\\"null\\"}
     -> {\\"nodeType\\":\\"string\\",\\"type\\":\\"Selah Konur\\",\\"props\\":{},\\"name\\":\\"\\",\\"key\\":\\"undefined\\"}
    -> {\\"nodeType\\":\\"html\\",\\"type\\":\\"h5\\",\\"name\\":\\"h5\\",\\"props\\":{\\"className\\":\\"mat-title white-text\\",\\"style\\":{\\"borderBottom\\":\\"2px dashed #ffffff\\",\\"padding\\":\\"0.5rem\\"},\\"children\\":\\"Innovation Lab Technical Specialist\\"},\\"key\\":\\"null\\"}
     -> {\\"nodeType\\":\\"string\\",\\"type\\":\\"Innovation Lab Technical Specialist\\",\\"props\\":{},\\"name\\":\\"\\",\\"key\\":\\"undefined\\"}
   -> {\\"nodeType\\":\\"html\\",\\"type\\":\\"div\\",\\"name\\":\\"div\\",\\"props\\":{\\"style\\":{\\"zIndex\\":2,\\"display\\":\\"flex\\",\\"flexDirection\\":\\"column\\",\\"alignItems\\":\\"center\\",\\"width\\":\\"30%\\",\\"marginTop\\":\\"4rem\\"},\\"children\\":[{\\"type\\":\\"img\\",\\"key\\":null,\\"ref\\":null,\\"props\\":{\\"src\\":\\"../../assets/icon/user-icon.svg\\",\\"height\\":\\"250px\\"},\\"_owner\\":null,\\"_store\\":{}},{\\"type\\":\\"h4\\",\\"key\\":null,\\"ref\\":null,\\"props\\":{\\"className\\":\\"white-text mt-1\\",\\"children\\":\\"Aurora Pariseau\\"},\\"_owner\\":null,\\"_store\\":{}},{\\"type\\":\\"h5\\",\\"key\\":null,\\"ref\\":null,\\"props\\":{\\"className\\":\\"mat-title white-text\\",\\"style\\":{\\"borderBottom\\":\\"2px dashed #ffffff\\",\\"padding\\":\\"0.5rem\\"},\\"children\\":\\"Full Stack Developer\\"},\\"_owner\\":null,\\"_store\\":{}}]},\\"key\\":\\"4\\"}
    -> {\\"nodeType\\":\\"html\\",\\"type\\":\\"img\\",\\"name\\":\\"img\\",\\"props\\":{\\"src\\":\\"../../assets/icon/user-icon.svg\\",\\"height\\":\\"250px\\"},\\"key\\":\\"null\\"}
    -> {\\"nodeType\\":\\"html\\",\\"type\\":\\"h4\\",\\"name\\":\\"h4\\",\\"props\\":{\\"className\\":\\"white-text mt-1\\",\\"children\\":\\"Aurora Pariseau\\"},\\"key\\":\\"null\\"}
     -> {\\"nodeType\\":\\"string\\",\\"type\\":\\"Aurora Pariseau\\",\\"props\\":{},\\"name\\":\\"\\",\\"key\\":\\"undefined\\"}
    -> {\\"nodeType\\":\\"html\\",\\"type\\":\\"h5\\",\\"name\\":\\"h5\\",\\"props\\":{\\"className\\":\\"mat-title white-text\\",\\"style\\":{\\"borderBottom\\":\\"2px dashed #ffffff\\",\\"padding\\":\\"0.5rem\\"},\\"children\\":\\"Full Stack Developer\\"},\\"key\\":\\"null\\"}
     -> {\\"nodeType\\":\\"string\\",\\"type\\":\\"Full Stack Developer\\",\\"props\\":{},\\"name\\":\\"\\",\\"key\\":\\"undefined\\"}
   -> {\\"nodeType\\":\\"html\\",\\"type\\":\\"div\\",\\"name\\":\\"div\\",\\"props\\":{\\"style\\":{\\"zIndex\\":2,\\"display\\":\\"flex\\",\\"flexDirection\\":\\"column\\",\\"alignItems\\":\\"center\\",\\"width\\":\\"30%\\",\\"marginTop\\":\\"4rem\\"},\\"children\\":[{\\"type\\":\\"img\\",\\"key\\":null,\\"ref\\":null,\\"props\\":{\\"src\\":\\"../../assets/icon/user-icon.svg\\",\\"height\\":\\"250px\\"},\\"_owner\\":null,\\"_store\\":{}},{\\"type\\":\\"h4\\",\\"key\\":null,\\"ref\\":null,\\"props\\":{\\"className\\":\\"white-text mt-1\\",\\"children\\":\\"Thomas Klock\\"},\\"_owner\\":null,\\"_store\\":{}},{\\"type\\":\\"h5\\",\\"key\\":null,\\"ref\\":null,\\"props\\":{\\"className\\":\\"mat-title white-text\\",\\"style\\":{\\"borderBottom\\":\\"2px dashed #ffffff\\",\\"padding\\":\\"0.5rem\\"},\\"children\\":\\"Full Stack Developer\\"},\\"_owner\\":null,\\"_store\\":{}}]},\\"key\\":\\"5\\"}
    -> {\\"nodeType\\":\\"html\\",\\"type\\":\\"img\\",\\"name\\":\\"img\\",\\"props\\":{\\"src\\":\\"../../assets/icon/user-icon.svg\\",\\"height\\":\\"250px\\"},\\"key\\":\\"null\\"}
    -> {\\"nodeType\\":\\"html\\",\\"type\\":\\"h4\\",\\"name\\":\\"h4\\",\\"props\\":{\\"className\\":\\"white-text mt-1\\",\\"children\\":\\"Thomas Klock\\"},\\"key\\":\\"null\\"}
     -> {\\"nodeType\\":\\"string\\",\\"type\\":\\"Thomas Klock\\",\\"props\\":{},\\"name\\":\\"\\",\\"key\\":\\"undefined\\"}
    -> {\\"nodeType\\":\\"html\\",\\"type\\":\\"h5\\",\\"name\\":\\"h5\\",\\"props\\":{\\"className\\":\\"mat-title white-text\\",\\"style\\":{\\"borderBottom\\":\\"2px dashed #ffffff\\",\\"padding\\":\\"0.5rem\\"},\\"children\\":\\"Full Stack Developer\\"},\\"key\\":\\"null\\"}
     -> {\\"nodeType\\":\\"string\\",\\"type\\":\\"Full Stack Developer\\",\\"props\\":{},\\"name\\":\\"\\",\\"key\\":\\"undefined\\"}
   -> {\\"nodeType\\":\\"html\\",\\"type\\":\\"div\\",\\"name\\":\\"div\\",\\"props\\":{\\"style\\":{\\"zIndex\\":2,\\"display\\":\\"flex\\",\\"flexDirection\\":\\"column\\",\\"alignItems\\":\\"center\\",\\"width\\":\\"30%\\",\\"marginTop\\":\\"4rem\\"},\\"children\\":[{\\"type\\":\\"img\\",\\"key\\":null,\\"ref\\":null,\\"props\\":{\\"src\\":\\"../../assets/icon/user-icon.svg\\",\\"height\\":\\"250px\\"},\\"_owner\\":null,\\"_store\\":{}},{\\"type\\":\\"h4\\",\\"key\\":null,\\"ref\\":null,\\"props\\":{\\"className\\":\\"white-text mt-1\\",\\"children\\":\\"Phung Ngo\\"},\\"_owner\\":null,\\"_store\\":{}},{\\"type\\":\\"h5\\",\\"key\\":null,\\"ref\\":null,\\"props\\":{\\"className\\":\\"mat-title white-text\\",\\"style\\":{\\"borderBottom\\":\\"2px dashed #ffffff\\",\\"padding\\":\\"0.5rem\\"},\\"children\\":\\"UX/Front End Developer\\"},\\"_owner\\":null,\\"_store\\":{}}]},\\"key\\":\\"6\\"}
    -> {\\"nodeType\\":\\"html\\",\\"type\\":\\"img\\",\\"name\\":\\"img\\",\\"props\\":{\\"src\\":\\"../../assets/icon/user-icon.svg\\",\\"height\\":\\"250px\\"},\\"key\\":\\"null\\"}
    -> {\\"nodeType\\":\\"html\\",\\"type\\":\\"h4\\",\\"name\\":\\"h4\\",\\"props\\":{\\"className\\":\\"white-text mt-1\\",\\"children\\":\\"Phung Ngo\\"},\\"key\\":\\"null\\"}
     -> {\\"nodeType\\":\\"string\\",\\"type\\":\\"Phung Ngo\\",\\"props\\":{},\\"name\\":\\"\\",\\"key\\":\\"undefined\\"}
    -> {\\"nodeType\\":\\"html\\",\\"type\\":\\"h5\\",\\"name\\":\\"h5\\",\\"props\\":{\\"className\\":\\"mat-title white-text\\",\\"style\\":{\\"borderBottom\\":\\"2px dashed #ffffff\\",\\"padding\\":\\"0.5rem\\"},\\"children\\":\\"UX/Front End Developer\\"},\\"key\\":\\"null\\"}
     -> {\\"nodeType\\":\\"string\\",\\"type\\":\\"UX/Front End Developer\\",\\"props\\":{},\\"name\\":\\"\\",\\"key\\":\\"undefined\\"}"
`;
